// Jest Snapshot v1, https://goo.gl/fbAQLP

exports[`Given the \`SearchForm\` component should render successfully 1`] = `
<div>
  <form
    class="search-form"
  >
    <div
      class="input"
    >
      <div
        aria-expanded="false"
        aria-haspopup="listbox"
        aria-owns="pickup-location-listbox"
        role="combobox"
      >
        <input
          aria-autocomplete="list"
          aria-controls="pickup-location-listbox"
          aria-label="Pick-up Location"
          class="input__input"
          id="pickup-location"
          value=""
        />
      </div>
      <ul
        aria-labelledby="pickup-location-label"
        class="input__listbox input__listbox--hidden"
        id="pickup-location-listbox"
        role="listbox"
      />
      <div
        aria-hidden="true"
        class="input__container"
      >
        <svg
          class="input__icon"
          viewBox="0 0 24 24"
        >
          <path
            d="M15.5 14h-.79l-.28-.27C15.41 12.59 16 11.11 16 9.5 16 5.91 13.09 3 9.5 3S3 5.91 3 9.5 5.91 16 9.5 16c1.61 0 3.09-.59 4.23-1.57l.27.28v.79l5 4.99L20.49 19l-4.99-5zm-6 0C7.01 14 5 11.99 5 9.5S7.01 5 9.5 5 14 7.01 14 9.5 11.99 14 9.5 14z"
          />
        </svg>
        <label
          class="input__label"
          for="pickup-location"
          id="pickup-location-label"
        >
          Pick-up Location
        </label>
      </div>
    </div>
    <button
      class="search-form__submit-button"
      type="submit"
    >
      Search
    </button>
  </form>
</div>
`;
